aliqua magna dolore et labore ut incididunt tempor eiusmod do sed elit adipiscing consecteteur amet dolor ipsum Lorem